// Jest Snapshot v1, https://goo.gl/fbAQLP

exports[`Axis.vue has the expected html structure 1`] = `
<g
  class="axis"
  fill="none"
  font-family="sans-serif"
  font-size="10"
  text-anchor="middle"
>
  <path
    class="domain"
    d="M0.5,6V0.5H1.5V6"
    stroke="#000"
  />
  <g
    class="tick"
    opacity="1"
    transform="translate(0.5,0)"
  >
    <line
      stroke="#000"
      y2="6"
    />
    <text
      dy="0.71em"
      fill="#000"
      y="9"
    >
      0.0
    </text>
  </g>
  <g
    class="tick"
    opacity="1"
    transform="translate(0.6,0)"
  >
    <line
      stroke="#000"
      y2="6"
    />
    <text
      dy="0.71em"
      fill="#000"
      y="9"
    >
      0.1
    </text>
  </g>
  <g
    class="tick"
    opacity="1"
    transform="translate(0.7,0)"
  >
    <line
      stroke="#000"
      y2="6"
    />
    <text
      dy="0.71em"
      fill="#000"
      y="9"
    >
      0.2
    </text>
  </g>
  <g
    class="tick"
    opacity="1"
    transform="translate(0.8,0)"
  >
    <line
      stroke="#000"
      y2="6"
    />
    <text
      dy="0.71em"
      fill="#000"
      y="9"
    >
      0.3
    </text>
  </g>
  <g
    class="tick"
    opacity="1"
    transform="translate(0.9,0)"
  >
    <line
      stroke="#000"
      y2="6"
    />
    <text
      dy="0.71em"
      fill="#000"
      y="9"
    >
      0.4
    </text>
  </g>
  <g
    class="tick"
    opacity="1"
    transform="translate(1,0)"
  >
    <line
      stroke="#000"
      y2="6"
    />
    <text
      dy="0.71em"
      fill="#000"
      y="9"
    >
      0.5
    </text>
  </g>
  <g
    class="tick"
    opacity="1"
    transform="translate(1.1,0)"
  >
    <line
      stroke="#000"
      y2="6"
    />
    <text
      dy="0.71em"
      fill="#000"
      y="9"
    >
      0.6
    </text>
  </g>
  <g
    class="tick"
    opacity="1"
    transform="translate(1.2,0)"
  >
    <line
      stroke="#000"
      y2="6"
    />
    <text
      dy="0.71em"
      fill="#000"
      y="9"
    >
      0.7
    </text>
  </g>
  <g
    class="tick"
    opacity="1"
    transform="translate(1.3,0)"
  >
    <line
      stroke="#000"
      y2="6"
    />
    <text
      dy="0.71em"
      fill="#000"
      y="9"
    >
      0.8
    </text>
  </g>
  <g
    class="tick"
    opacity="1"
    transform="translate(1.4,0)"
  >
    <line
      stroke="#000"
      y2="6"
    />
    <text
      dy="0.71em"
      fill="#000"
      y="9"
    >
      0.9
    </text>
  </g>
  <g
    class="tick"
    opacity="1"
    transform="translate(1.5,0)"
  >
    <line
      stroke="#000"
      y2="6"
    />
    <text
      dy="0.71em"
      fill="#000"
      y="9"
    >
      1.0
    </text>
  </g>
</g>
`;
